// Jest Snapshot v1, https://goo.gl/fbAQLP

exports[`Atoms/Button should match snapshot 1`] = `
<button
  className="sc-bdvvtL kWEXTY"
>
  Button
</button>
`;
